=== 01-latex.js ===

=== ПЕРЕВІРКА 01: формули: LaTeX і оформлення обчислень ===
тека: E:\develop\courses\reference\unix-linux\devices\sound-open-firmware-sof

РЕЗУЛЬТАТ: ПРОЙДЕНО  — LaTeX 0, формул у прозі немає, виведення пояснені

=== 03-figures.js ===

=== ПЕРЕВІРКА 03: фігури: геометрія, місце, підключення ===
тека: E:\develop\courses\reference\unix-linux\devices\sound-open-firmware-sof
Підключень у .md: 2 — усі файли на місці
SVG перевірено: 2; із зауваженнями: 0


РЕЗУЛЬТАТ: ПРОЙДЕНО

=== 05-links.js ===

=== ПЕРЕВІРКА 05: лінки, передумови, доступність вставок ===
тека: E:\develop\courses\reference\unix-linux\devices\sound-open-firmware-sof


РЕЗУЛЬТАТ: ПРОЙДЕНО

=== 06-size.js ===

=== ПЕРЕВІРКА 06: обсяг (канон × 1.15) ===
тека: E:\develop\courses\reference\unix-linux\devices\sound-open-firmware-sof

  ~   573w  api-ipc.md                         вставка api (поверхня)   смуга 500–5750 · орієнтир 1150–2300  ← у смузі, але нижче орієнтиру 1150–2300
  ~   946w  hist-sof.md                        вставка hist (історія)   смуга 450–5750 · орієнтир 1050–1850  ← у смузі, але нижче орієнтиру 1050–1850
  ~   705w  proj-pcm-stream.md                 вставка proj (практика)  смуга 600–5750 · орієнтир 1600–3000  ← у смузі, але нижче орієнтиру 1600–3000
  ~  2234w  sound-open-firmware-sof-d.md       детальна стаття          смуга 1150–7450 · орієнтир 2400–3000  ← у смузі, але нижче орієнтиру 2400–3000

пунктів: 4 · з вироком «ok»: 0 · визнано дефектом: 0 · без вироку: 4

--- ПУНКТИ БЕЗ ВИРОКУ ---
  [1] api-ipc.md (вставка api (поверхня)): 573w при орієнтирі 1150–2300 — у смузі, але нижче орієнтиру 1150–2300
  [2] hist-sof.md (вставка hist (історія)): 946w при орієнтирі 1050–1850 — у смузі, але нижче орієнтиру 1050–1850
  [3] proj-pcm-stream.md (вставка proj (практика)): 705w при орієнтирі 1600–3000 — у смузі, але нижче орієнтиру 1600–3000
  [4] sound-open-firmware-sof-d.md (детальна стаття): 2234w при орієнтирі 2400–3000 — у смузі, але нижче орієнтиру 2400–3000

ЩО ЗРОБИТИ: по кожному файлу: тему справді вичерпано на цьому обсязі — чи бракує матеріалу? Доказ «ok»: перелічи, що саме вже розібрано (механізм, крайові випадки, простеження, приклад) і чому решта до теми не належить. Доказ «defect»: назви, чого бракує. Скорочення ніколи не є відповіддю.
На КОЖЕН пункт запиши вирок із доказом:
  node scripts/checks/verdict.js 06 "E:\develop\courses\reference\unix-linux\devices\sound-open-firmware-sof" --item <N> --status ok|defect --proof "<чим доведено>"
Без доказу вирок не приймається. Не вгадуй — перевіряй.

=== 17-cpp.js ===

=== ПЕРЕВІРКА 17: де є C — має бути й C++ ===
тека: E:\develop\courses\reference\unix-linux\devices\sound-open-firmware-sof
  C-блоків: 6 · з парою C++: 4

пунктів: 1 · з вироком «ok»: 0 · визнано дефектом: 0 · без вироку: 1

--- ПУНКТИ БЕЗ ВИРОКУ ---
  [1] sound-open-firmware-sof-d.md:: sound-open-firmware-sof-d.md: C-блоків без пари C++ — 2 (#2, #3). Вирок один на файл: або весь файл підпадає під виняток §5, або кожен блок дістає ідіоматичну пару. Перші: struct snd_sof_dev { struct device *dev; spinlock_t ipc_lock; || struct snd_sof_dsp_ops 

ЩО ЗРОБИТИ: на КОЖЕН пункт дай вирок: це один із трьох винятків §5 — чи вкладки C++ бракує.
  Винятки, і лише вони: простір ядра (модуль, драйвер — там немає ні бібліотеки, ні винятків) ·
  приклад про сам C як мову (препроцесор, ABI, _Generic) · чужий заголовок, показаний як цитата.
  ok — назви, який саме виняток і чим доведено (шлях/include/збірка як модуль).
  defect — скажи, ЧИМ саме вкладка мусить відрізнятись: malloc/free → контейнер чи unique_ptr ·
  close() у goto → RAII · char*+довжина → span/string_view. Писати її буде repair-topic, не ти.
  Окремий вирок ok: після чесного перекладу різнились би лише заголовки — приклад C-шний
  за природою (сирий syscall, POSIX-структура), друга вкладка дала б читачеві копію першої.
На КОЖЕН пункт запиши вирок із доказом:
  node scripts/checks/verdict.js 17 "E:\develop\courses\reference\unix-linux\devices\sound-open-firmware-sof" --item <N> --status ok|defect --proof "<чим доведено>"
Без доказу вирок не приймається. Не вгадуй — перевіряй.

